node.exe : 
(node:27776) 
ExperimentalWarning: 
VM Modules is an 
experimental feature 
and might change at 
any time
At line:1 char:1
+ & "C:\Program 
Files\nodejs/node.exe" 
"C:\Users\Elvis\AppData
\Roaming\ ...
+ ~~~~~~~~~~~~~~~~~~~~~
~~~~~~~~~~~~~~~~~~~~~~~
~~~~~~~~~~~~~~~~~~~~~~~
~~
    + CategoryInfo     
         : NotSpecifi  
  ed: ((node:27776)    
 Ex...nge at any ti    
me:String) [], Rem    
oteException
    + FullyQualifiedEr 
   rorId : NativeComm  
  andError
 
(Use `node 
--trace-warnings ...` 
to show where the 
warning was created)
FAIL tests/auth.test.js
  ÔùÅ Console

    console.log
      [dotenv@17.3.1] 
injecting env (1) from 
.env.test -- tip: 
ÔÜÖ´©Å  write to 
custom object with { 
processEnv: myObject }

      at _log (node_mod
ules/dotenv/lib/main.js
:139:11)

    console.log
      MongoDB connected

      at log 
(src/config/db.js:8:13)

  ÔùÅ Auth Routes ÔÇ║ 
should register a user

    expect(received).to
Be(expected) // 
Object.is equality

    Expected: 201
    Received: 500

    [0m [90m 26 
|[39m       
})[33m;[39m
     [90m 27 |[39m
    [31m[1m>[22m[39
m[90m 28 |[39m     ex
pect(res[33m.[39mstat
usCode)[33m.[39mtoBe(
[35m201[39m)[33m;[3
9m
     [90m    |[39m   
                       
  [31m[1m^[22m[39m
     [90m 29 |[39m   
  expect(res[33m.[39m
body[33m.[39memail)[
33m.[39mtoBe([32m"tes
t@example.com"[39m)[3
3m;[39m
     [90m 30 |[39m   
})[33m;[39m
     [90m 31 
|[39m[0m

      at Object.toBe (t
ests/auth.test.js:28:28
)

  ÔùÅ Auth Routes ÔÇ║ 
should login user and 
return token

    expect(received).to
Be(expected) // 
Object.is equality

    Expected: 200
    Received: 401

    [0m [90m 38 
|[39m       
})[33m;[39m
     [90m 39 |[39m
    [31m[1m>[22m[39
m[90m 40 |[39m     ex
pect(res[33m.[39mstat
usCode)[33m.[39mtoBe(
[35m200[39m)[33m;[3
9m
     [90m    |[39m   
                       
  [31m[1m^[22m[39m
     [90m 41 |[39m   
  expect(res[33m.[39m
body[33m.[39mtoken)[
33m.[39mtoBeDefined()
[33m;[39m
     [90m 42 |[39m
     [90m 43 |[39m   
  token [33m=[39m res
[33m.[39mbody[33m.[
39mtoken[33m;[39m[0m

      at Object.toBe (t
ests/auth.test.js:40:28
)

FAIL 
tests/tasks.test.js 
(5.488 s)
  ÔùÅ Task Routes ÔÇ║ 
should not allow 
access without token

    thrown: "Exceeded 
timeout of 5000 ms for 
a hook.
    Add a timeout 
value to this test to 
increase the timeout, 
if this is a 
long-running test. See 
https://jestjs.io/docs/
api#testname-fn-timeout
."

    [0m [90m  8 
|[39m [36mlet[39m 
taskId[33m;[39m
     [90m  9 |[39m
    [31m[1m>[22m[39
m[90m 10 |[39m before
All([36masync[39m () 
[33m=>[39m {
     [90m    |[39m 
[31m[1m^[22m[39m
     [90m 11 |[39m   
[90m// Register[39m
     [90m 12 |[39m   
[36mawait[39m 
request(app)
     [90m 13 |[39m   
  [33m.[39mpost([32m
"/api/auth/register"[3
9m)[0m

      at beforeAll (tes
ts/tasks.test.js:10:1)

  ÔùÅ Task Routes ÔÇ║ 
should create a task

    thrown: "Exceeded 
timeout of 5000 ms for 
a hook.
    Add a timeout 
value to this test to 
increase the timeout, 
if this is a 
long-running test. See 
https://jestjs.io/docs/
api#testname-fn-timeout
."

    [0m [90m  8 
|[39m [36mlet[39m 
taskId[33m;[39m
     [90m  9 |[39m
    [31m[1m>[22m[39
m[90m 10 |[39m before
All([36masync[39m () 
[33m=>[39m {
     [90m    |[39m 
[31m[1m^[22m[39m
     [90m 11 |[39m   
[90m// Register[39m
     [90m 12 |[39m   
[36mawait[39m 
request(app)
     [90m 13 |[39m   
  [33m.[39mpost([32m
"/api/auth/register"[3
9m)[0m

      at beforeAll (tes
ts/tasks.test.js:10:1)

  ÔùÅ Task Routes ÔÇ║ 
should get user tasks 
only

    thrown: "Exceeded 
timeout of 5000 ms for 
a hook.
    Add a timeout 
value to this test to 
increase the timeout, 
if this is a 
long-running test. See 
https://jestjs.io/docs/
api#testname-fn-timeout
."

    [0m [90m  8 
|[39m [36mlet[39m 
taskId[33m;[39m
     [90m  9 |[39m
    [31m[1m>[22m[39
m[90m 10 |[39m before
All([36masync[39m () 
[33m=>[39m {
     [90m    |[39m 
[31m[1m^[22m[39m
     [90m 11 |[39m   
[90m// Register[39m
     [90m 12 |[39m   
[36mawait[39m 
request(app)
     [90m 13 |[39m   
  [33m.[39mpost([32m
"/api/auth/register"[3
9m)[0m

      at beforeAll (tes
ts/tasks.test.js:10:1)

Test Suites: 2 failed, 
2 total
Tests:       5 failed, 
5 total
Snapshots:   0 total
Time:        7.153 s, 
estimated 17 s
Ran all test suites.
Jest did not exit one 
second after the test 
run has completed.

'This usually means 
that there are 
asynchronous 
operations that 
weren't stopped in 
your tests. Consider 
running Jest with 
`--detectOpenHandles` 
to troubleshoot this 
issue.
